// Jest Snapshot v1, https://goo.gl/fbAQLP

exports[`pages/members/list/components spec Header should render a header without need passing anithing 1`] = `
<thead>
  <tr>
    <th>
      Avatar
    </th>
    <th>
      Id
    </th>
    <th>
      Name
    </th>
  </tr>
</thead>
`;
